Fetching Maharashtra pincodes (attempt 1/3)...
Fetched and saved 0 Maharashtra pincodes.
Fetching BAANKNET (https://baanknet.com/property-listing)...
  [DEBUG] Loading https://baanknet.com/property-listing...
  [WARN] No BAANKNET POST captured; using default endpoint with Maharashtra filter.
  [DEBUG] Paginating https://baanknet.com/eauction-psb/api/property-listing-data/1
  [WARN] BAANKNET page 0 returned HTTP 403
  [WARN] No baanknet payloads captured.
  baanknet: 0 raw items
Fetching eAuctions India...
Scraping https://www.eauctionsindia.com/city/bhiwandi...
  Found 67 candidate card fragments by text-match
  Skipped card (no name/url): <section class="main-footer">
<footer class="layout-bg text-white">
<div class="footer-main">
<div class="container">
<div class="row">
<div class="col-lg-4 col-md-4 col-sm-12">
<h6>About Us</h6>
<hr class="deep-purple accent-2 mb-4 mt-0 d-inline-block mx-auto"/>
<p>eAuctionsIndia.com aims to bridge
  Skipped card (no name/url): <div class="footer-main">
<div class="container">
<div class="row">
<div class="col-lg-4 col-md-4 col-sm-12">
<h6>About Us</h6>
<hr class="deep-purple accent-2 mb-4 mt-0 d-inline-block mx-auto"/>
<p>eAuctionsIndia.com aims to bridge the gap in the process of acquiring non-performing asset properties
  Skipped card (no name/url): <div class="container">
<div class="row">
<div class="col-lg-4 col-md-4 col-sm-12">
<h6>About Us</h6>
<hr class="deep-purple accent-2 mb-4 mt-0 d-inline-block mx-auto"/>
<p>eAuctionsIndia.com aims to bridge the gap in the process of acquiring non-performing asset properties, ensuring a smooth and ha
  Skipped card (no name/url): <div class="row">
<div class="col-lg-4 col-md-4 col-sm-12">
<h6>About Us</h6>
<hr class="deep-purple accent-2 mb-4 mt-0 d-inline-block mx-auto"/>
<p>eAuctionsIndia.com aims to bridge the gap in the process of acquiring non-performing asset properties, ensuring a smooth and hassle-free experience. Ou
  Skipped card (no name/url): <div class="col-lg-4 col-md-4 col-sm-12">
<h6>About Us</h6>
<hr class="deep-purple accent-2 mb-4 mt-0 d-inline-block mx-auto"/>
<p>eAuctionsIndia.com aims to bridge the gap in the process of acquiring non-performing asset properties, ensuring a smooth and hassle-free experience. Our goal is to facil
  Skipped card (no name/url): <div class="layout-bg text-white p-0">
<div class="container">
<div class="row d-flex">
<div class="col-lg-12 col-sm-12 mt-3 mb-3 text-center">
<p>Copyright © 2026 <b>eAuctions India</b>. All rights reserved.</p>
</div>
</div>
</div>
</div>
  Skipped card (no name/url): <div class="container">
<div class="row d-flex">
<div class="col-lg-12 col-sm-12 mt-3 mb-3 text-center">
<p>Copyright © 2026 <b>eAuctions India</b>. All rights reserved.</p>
</div>
</div>
</div>
  Skipped card (no name/url): <div class="row d-flex">
<div class="col-lg-12 col-sm-12 mt-3 mb-3 text-center">
<p>Copyright © 2026 <b>eAuctions India</b>. All rights reserved.</p>
</div>
</div>
  Skipped card (no name/url): <div class="col-lg-12 col-sm-12 mt-3 mb-3 text-center">
<p>Copyright © 2026 <b>eAuctions India</b>. All rights reserved.</p>
</div>
  Extracted 58 properties so far from https://www.eauctionsindia.com/city/bhiwandi
Scraping https://www.eauctionsindia.com/city/kolhapur...
  Found 73 candidate card fragments by text-match
  Skipped card (no name/url): <section class="main-footer">
<footer class="layout-bg text-white">
<div class="footer-main">
<div class="container">
<div class="row">
<div class="col-lg-4 col-md-4 col-sm-12">
<h6>About Us</h6>
<hr class="deep-purple accent-2 mb-4 mt-0 d-inline-block mx-auto"/>
<p>eAuctionsIndia.com aims to bridge
  Skipped card (no name/url): <div class="footer-main">
<div class="container">
<div class="row">
<div class="col-lg-4 col-md-4 col-sm-12">
<h6>About Us</h6>
<hr class="deep-purple accent-2 mb-4 mt-0 d-inline-block mx-auto"/>
<p>eAuctionsIndia.com aims to bridge the gap in the process of acquiring non-performing asset properties
  Skipped card (no name/url): <div class="container">
<div class="row">
<div class="col-lg-4 col-md-4 col-sm-12">
<h6>About Us</h6>
<hr class="deep-purple accent-2 mb-4 mt-0 d-inline-block mx-auto"/>
<p>eAuctionsIndia.com aims to bridge the gap in the process of acquiring non-performing asset properties, ensuring a smooth and ha
  Skipped card (no name/url): <div class="row">
<div class="col-lg-4 col-md-4 col-sm-12">
<h6>About Us</h6>
<hr class="deep-purple accent-2 mb-4 mt-0 d-inline-block mx-auto"/>
<p>eAuctionsIndia.com aims to bridge the gap in the process of acquiring non-performing asset properties, ensuring a smooth and hassle-free experience. Ou
  Skipped card (no name/url): <div class="col-lg-4 col-md-4 col-sm-12">
<h6>About Us</h6>
<hr class="deep-purple accent-2 mb-4 mt-0 d-inline-block mx-auto"/>
<p>eAuctionsIndia.com aims to bridge the gap in the process of acquiring non-performing asset properties, ensuring a smooth and hassle-free experience. Our goal is to facil
  Skipped card (no name/url): <div class="layout-bg text-white p-0">
<div class="container">
<div class="row d-flex">
<div class="col-lg-12 col-sm-12 mt-3 mb-3 text-center">
<p>Copyright © 2026 <b>eAuctions India</b>. All rights reserved.</p>
</div>
</div>
</div>
</div>
  Skipped card (no name/url): <div class="container">
<div class="row d-flex">
<div class="col-lg-12 col-sm-12 mt-3 mb-3 text-center">
<p>Copyright © 2026 <b>eAuctions India</b>. All rights reserved.</p>
</div>
</div>
</div>
  Skipped card (no name/url): <div class="row d-flex">
<div class="col-lg-12 col-sm-12 mt-3 mb-3 text-center">
<p>Copyright © 2026 <b>eAuctions India</b>. All rights reserved.</p>
</div>
</div>
  Skipped card (no name/url): <div class="col-lg-12 col-sm-12 mt-3 mb-3 text-center">
<p>Copyright © 2026 <b>eAuctions India</b>. All rights reserved.</p>
</div>
  Extracted 122 properties so far from https://www.eauctionsindia.com/city/kolhapur
Scraping https://www.eauctionsindia.com/city/kalyan...
  Found 70 candidate card fragments by text-match
  Skipped card (no name/url): <section class="main-footer">
<footer class="layout-bg text-white">
<div class="footer-main">
<div class="container">
<div class="row">
<div class="col-lg-4 col-md-4 col-sm-12">
<h6>About Us</h6>
<hr class="deep-purple accent-2 mb-4 mt-0 d-inline-block mx-auto"/>
<p>eAuctionsIndia.com aims to bridge
  Skipped card (no name/url): <div class="footer-main">
<div class="container">
<div class="row">
<div class="col-lg-4 col-md-4 col-sm-12">
<h6>About Us</h6>
<hr class="deep-purple accent-2 mb-4 mt-0 d-inline-block mx-auto"/>
<p>eAuctionsIndia.com aims to bridge the gap in the process of acquiring non-performing asset properties
  Skipped card (no name/url): <div class="container">
<div class="row">
<div class="col-lg-4 col-md-4 col-sm-12">
<h6>About Us</h6>
<hr class="deep-purple accent-2 mb-4 mt-0 d-inline-block mx-auto"/>
<p>eAuctionsIndia.com aims to bridge the gap in the process of acquiring non-performing asset properties, ensuring a smooth and ha
  Skipped card (no name/url): <div class="row">
<div class="col-lg-4 col-md-4 col-sm-12">
<h6>About Us</h6>
<hr class="deep-purple accent-2 mb-4 mt-0 d-inline-block mx-auto"/>
<p>eAuctionsIndia.com aims to bridge the gap in the process of acquiring non-performing asset properties, ensuring a smooth and hassle-free experience. Ou
  Skipped card (no name/url): <div class="col-lg-4 col-md-4 col-sm-12">
<h6>About Us</h6>
<hr class="deep-purple accent-2 mb-4 mt-0 d-inline-block mx-auto"/>
<p>eAuctionsIndia.com aims to bridge the gap in the process of acquiring non-performing asset properties, ensuring a smooth and hassle-free experience. Our goal is to facil
  Skipped card (no name/url): <div class="layout-bg text-white p-0">
<div class="container">
<div class="row d-flex">
<div class="col-lg-12 col-sm-12 mt-3 mb-3 text-center">
<p>Copyright © 2026 <b>eAuctions India</b>. All rights reserved.</p>
</div>
</div>
</div>
</div>
  Skipped card (no name/url): <div class="container">
<div class="row d-flex">
<div class="col-lg-12 col-sm-12 mt-3 mb-3 text-center">
<p>Copyright © 2026 <b>eAuctions India</b>. All rights reserved.</p>
</div>
</div>
</div>
  Skipped card (no name/url): <div class="row d-flex">
<div class="col-lg-12 col-sm-12 mt-3 mb-3 text-center">
<p>Copyright © 2026 <b>eAuctions India</b>. All rights reserved.</p>
</div>
</div>
  Skipped card (no name/url): <div class="col-lg-12 col-sm-12 mt-3 mb-3 text-center">
<p>Copyright © 2026 <b>eAuctions India</b>. All rights reserved.</p>
</div>
  Extracted 183 properties so far from https://www.eauctionsindia.com/city/kalyan
Scraping https://www.eauctionsindia.com/city/latur...
  Found 73 candidate card fragments by text-match
  Skipped card (no name/url): <section class="main-footer">
<footer class="layout-bg text-white">
<div class="footer-main">
<div class="container">
<div class="row">
<div class="col-lg-4 col-md-4 col-sm-12">
<h6>About Us</h6>
<hr class="deep-purple accent-2 mb-4 mt-0 d-inline-block mx-auto"/>
<p>eAuctionsIndia.com aims to bridge
  Skipped card (no name/url): <div class="footer-main">
<div class="container">
<div class="row">
<div class="col-lg-4 col-md-4 col-sm-12">
<h6>About Us</h6>
<hr class="deep-purple accent-2 mb-4 mt-0 d-inline-block mx-auto"/>
<p>eAuctionsIndia.com aims to bridge the gap in the process of acquiring non-performing asset properties
  Skipped card (no name/url): <div class="container">
<div class="row">
<div class="col-lg-4 col-md-4 col-sm-12">
<h6>About Us</h6>
<hr class="deep-purple accent-2 mb-4 mt-0 d-inline-block mx-auto"/>
<p>eAuctionsIndia.com aims to bridge the gap in the process of acquiring non-performing asset properties, ensuring a smooth and ha
  Skipped card (no name/url): <div class="row">
<div class="col-lg-4 col-md-4 col-sm-12">
<h6>About Us</h6>
<hr class="deep-purple accent-2 mb-4 mt-0 d-inline-block mx-auto"/>
<p>eAuctionsIndia.com aims to bridge the gap in the process of acquiring non-performing asset properties, ensuring a smooth and hassle-free experience. Ou
  Skipped card (no name/url): <div class="col-lg-4 col-md-4 col-sm-12">
<h6>About Us</h6>
<hr class="deep-purple accent-2 mb-4 mt-0 d-inline-block mx-auto"/>
<p>eAuctionsIndia.com aims to bridge the gap in the process of acquiring non-performing asset properties, ensuring a smooth and hassle-free experience. Our goal is to facil
  Skipped card (no name/url): <div class="layout-bg text-white p-0">
<div class="container">
<div class="row d-flex">
<div class="col-lg-12 col-sm-12 mt-3 mb-3 text-center">
<p>Copyright © 2026 <b>eAuctions India</b>. All rights reserved.</p>
</div>
</div>
</div>
</div>
  Skipped card (no name/url): <div class="container">
<div class="row d-flex">
<div class="col-lg-12 col-sm-12 mt-3 mb-3 text-center">
<p>Copyright © 2026 <b>eAuctions India</b>. All rights reserved.</p>
</div>
</div>
</div>
  Skipped card (no name/url): <div class="row d-flex">
<div class="col-lg-12 col-sm-12 mt-3 mb-3 text-center">
<p>Copyright © 2026 <b>eAuctions India</b>. All rights reserved.</p>
</div>
</div>
  Skipped card (no name/url): <div class="col-lg-12 col-sm-12 mt-3 mb-3 text-center">
<p>Copyright © 2026 <b>eAuctions India</b>. All rights reserved.</p>
</div>
  Extracted 247 properties so far from https://www.eauctionsindia.com/city/latur
Scraping https://www.eauctionsindia.com/city/mumbai...
  Found 70 candidate card fragments by text-match
  Skipped card (no name/url): <section class="main-footer">
<footer class="layout-bg text-white">
<div class="footer-main">
<div class="container">
<div class="row">
<div class="col-lg-4 col-md-4 col-sm-12">
<h6>About Us</h6>
<hr class="deep-purple accent-2 mb-4 mt-0 d-inline-block mx-auto"/>
<p>eAuctionsIndia.com aims to bridge
  Skipped card (no name/url): <div class="footer-main">
<div class="container">
<div class="row">
<div class="col-lg-4 col-md-4 col-sm-12">
<h6>About Us</h6>
<hr class="deep-purple accent-2 mb-4 mt-0 d-inline-block mx-auto"/>
<p>eAuctionsIndia.com aims to bridge the gap in the process of acquiring non-performing asset properties
  Skipped card (no name/url): <div class="container">
<div class="row">
<div class="col-lg-4 col-md-4 col-sm-12">
<h6>About Us</h6>
<hr class="deep-purple accent-2 mb-4 mt-0 d-inline-block mx-auto"/>
<p>eAuctionsIndia.com aims to bridge the gap in the process of acquiring non-performing asset properties, ensuring a smooth and ha
  Skipped card (no name/url): <div class="row">
<div class="col-lg-4 col-md-4 col-sm-12">
<h6>About Us</h6>
<hr class="deep-purple accent-2 mb-4 mt-0 d-inline-block mx-auto"/>
<p>eAuctionsIndia.com aims to bridge the gap in the process of acquiring non-performing asset properties, ensuring a smooth and hassle-free experience. Ou
  Skipped card (no name/url): <div class="col-lg-4 col-md-4 col-sm-12">
<h6>About Us</h6>
<hr class="deep-purple accent-2 mb-4 mt-0 d-inline-block mx-auto"/>
<p>eAuctionsIndia.com aims to bridge the gap in the process of acquiring non-performing asset properties, ensuring a smooth and hassle-free experience. Our goal is to facil
  Skipped card (no name/url): <div class="layout-bg text-white p-0">
<div class="container">
<div class="row d-flex">
<div class="col-lg-12 col-sm-12 mt-3 mb-3 text-center">
<p>Copyright © 2026 <b>eAuctions India</b>. All rights reserved.</p>
</div>
</div>
</div>
</div>
  Skipped card (no name/url): <div class="container">
<div class="row d-flex">
<div class="col-lg-12 col-sm-12 mt-3 mb-3 text-center">
<p>Copyright © 2026 <b>eAuctions India</b>. All rights reserved.</p>
</div>
</div>
</div>
  Skipped card (no name/url): <div class="row d-flex">
<div class="col-lg-12 col-sm-12 mt-3 mb-3 text-center">
<p>Copyright © 2026 <b>eAuctions India</b>. All rights reserved.</p>
</div>
</div>
  Skipped card (no name/url): <div class="col-lg-12 col-sm-12 mt-3 mb-3 text-center">
<p>Copyright © 2026 <b>eAuctions India</b>. All rights reserved.</p>
</div>
  Extracted 308 properties so far from https://www.eauctionsindia.com/city/mumbai
Scraping https://www.eauctionsindia.com/city/sindhudurg...
  Found 73 candidate card fragments by text-match
  Skipped card (no name/url): <section class="main-footer">
<footer class="layout-bg text-white">
<div class="footer-main">
<div class="container">
<div class="row">
<div class="col-lg-4 col-md-4 col-sm-12">
<h6>About Us</h6>
<hr class="deep-purple accent-2 mb-4 mt-0 d-inline-block mx-auto"/>
<p>eAuctionsIndia.com aims to bridge
  Skipped card (no name/url): <div class="footer-main">
<div class="container">
<div class="row">
<div class="col-lg-4 col-md-4 col-sm-12">
<h6>About Us</h6>
<hr class="deep-purple accent-2 mb-4 mt-0 d-inline-block mx-auto"/>
<p>eAuctionsIndia.com aims to bridge the gap in the process of acquiring non-performing asset properties
  Skipped card (no name/url): <div class="container">
<div class="row">
<div class="col-lg-4 col-md-4 col-sm-12">
<h6>About Us</h6>
<hr class="deep-purple accent-2 mb-4 mt-0 d-inline-block mx-auto"/>
<p>eAuctionsIndia.com aims to bridge the gap in the process of acquiring non-performing asset properties, ensuring a smooth and ha
  Skipped card (no name/url): <div class="row">
<div class="col-lg-4 col-md-4 col-sm-12">
<h6>About Us</h6>
<hr class="deep-purple accent-2 mb-4 mt-0 d-inline-block mx-auto"/>
<p>eAuctionsIndia.com aims to bridge the gap in the process of acquiring non-performing asset properties, ensuring a smooth and hassle-free experience. Ou
  Skipped card (no name/url): <div class="col-lg-4 col-md-4 col-sm-12">
<h6>About Us</h6>
<hr class="deep-purple accent-2 mb-4 mt-0 d-inline-block mx-auto"/>
<p>eAuctionsIndia.com aims to bridge the gap in the process of acquiring non-performing asset properties, ensuring a smooth and hassle-free experience. Our goal is to facil
  Skipped card (no name/url): <div class="layout-bg text-white p-0">
<div class="container">
<div class="row d-flex">
<div class="col-lg-12 col-sm-12 mt-3 mb-3 text-center">
<p>Copyright © 2026 <b>eAuctions India</b>. All rights reserved.</p>
</div>
</div>
</div>
</div>
  Skipped card (no name/url): <div class="container">
<div class="row d-flex">
<div class="col-lg-12 col-sm-12 mt-3 mb-3 text-center">
<p>Copyright © 2026 <b>eAuctions India</b>. All rights reserved.</p>
</div>
</div>
</div>
  Skipped card (no name/url): <div class="row d-flex">
<div class="col-lg-12 col-sm-12 mt-3 mb-3 text-center">
<p>Copyright © 2026 <b>eAuctions India</b>. All rights reserved.</p>
</div>
</div>
  Skipped card (no name/url): <div class="col-lg-12 col-sm-12 mt-3 mb-3 text-center">
<p>Copyright © 2026 <b>eAuctions India</b>. All rights reserved.</p>
</div>
  Extracted 372 properties so far from https://www.eauctionsindia.com/city/sindhudurg
Scraping https://www.eauctionsindia.com/city/solapur...
  Found 73 candidate card fragments by text-match
  Skipped card (no name/url): <section class="main-footer">
<footer class="layout-bg text-white">
<div class="footer-main">
<div class="container">
<div class="row">
<div class="col-lg-4 col-md-4 col-sm-12">
<h6>About Us</h6>
<hr class="deep-purple accent-2 mb-4 mt-0 d-inline-block mx-auto"/>
<p>eAuctionsIndia.com aims to bridge
  Skipped card (no name/url): <div class="footer-main">
<div class="container">
<div class="row">
<div class="col-lg-4 col-md-4 col-sm-12">
<h6>About Us</h6>
<hr class="deep-purple accent-2 mb-4 mt-0 d-inline-block mx-auto"/>
<p>eAuctionsIndia.com aims to bridge the gap in the process of acquiring non-performing asset properties
  Skipped card (no name/url): <div class="container">
<div class="row">
<div class="col-lg-4 col-md-4 col-sm-12">
<h6>About Us</h6>
<hr class="deep-purple accent-2 mb-4 mt-0 d-inline-block mx-auto"/>
<p>eAuctionsIndia.com aims to bridge the gap in the process of acquiring non-performing asset properties, ensuring a smooth and ha
  Skipped card (no name/url): <div class="row">
<div class="col-lg-4 col-md-4 col-sm-12">
<h6>About Us</h6>
<hr class="deep-purple accent-2 mb-4 mt-0 d-inline-block mx-auto"/>
<p>eAuctionsIndia.com aims to bridge the gap in the process of acquiring non-performing asset properties, ensuring a smooth and hassle-free experience. Ou
  Skipped card (no name/url): <div class="col-lg-4 col-md-4 col-sm-12">
<h6>About Us</h6>
<hr class="deep-purple accent-2 mb-4 mt-0 d-inline-block mx-auto"/>
<p>eAuctionsIndia.com aims to bridge the gap in the process of acquiring non-performing asset properties, ensuring a smooth and hassle-free experience. Our goal is to facil
  Skipped card (no name/url): <div class="layout-bg text-white p-0">
<div class="container">
<div class="row d-flex">
<div class="col-lg-12 col-sm-12 mt-3 mb-3 text-center">
<p>Copyright © 2026 <b>eAuctions India</b>. All rights reserved.</p>
</div>
</div>
</div>
</div>
  Skipped card (no name/url): <div class="container">
<div class="row d-flex">
<div class="col-lg-12 col-sm-12 mt-3 mb-3 text-center">
<p>Copyright © 2026 <b>eAuctions India</b>. All rights reserved.</p>
</div>
</div>
</div>
  Skipped card (no name/url): <div class="row d-flex">
<div class="col-lg-12 col-sm-12 mt-3 mb-3 text-center">
<p>Copyright © 2026 <b>eAuctions India</b>. All rights reserved.</p>
</div>
</div>
  Skipped card (no name/url): <div class="col-lg-12 col-sm-12 mt-3 mb-3 text-center">
<p>Copyright © 2026 <b>eAuctions India</b>. All rights reserved.</p>
</div>
  Extracted 436 properties so far from https://www.eauctionsindia.com/city/solapur
Scraping https://www.eauctionsindia.com/city/thane...
  Found 73 candidate card fragments by text-match
  Skipped card (no name/url): <section class="main-footer">
<footer class="layout-bg text-white">
<div class="footer-main">
<div class="container">
<div class="row">
<div class="col-lg-4 col-md-4 col-sm-12">
<h6>About Us</h6>
<hr class="deep-purple accent-2 mb-4 mt-0 d-inline-block mx-auto"/>
<p>eAuctionsIndia.com aims to bridge
  Skipped card (no name/url): <div class="footer-main">
<div class="container">
<div class="row">
<div class="col-lg-4 col-md-4 col-sm-12">
<h6>About Us</h6>
<hr class="deep-purple accent-2 mb-4 mt-0 d-inline-block mx-auto"/>
<p>eAuctionsIndia.com aims to bridge the gap in the process of acquiring non-performing asset properties
  Skipped card (no name/url): <div class="container">
<div class="row">
<div class="col-lg-4 col-md-4 col-sm-12">
<h6>About Us</h6>
<hr class="deep-purple accent-2 mb-4 mt-0 d-inline-block mx-auto"/>
<p>eAuctionsIndia.com aims to bridge the gap in the process of acquiring non-performing asset properties, ensuring a smooth and ha
  Skipped card (no name/url): <div class="row">
<div class="col-lg-4 col-md-4 col-sm-12">
<h6>About Us</h6>
<hr class="deep-purple accent-2 mb-4 mt-0 d-inline-block mx-auto"/>
<p>eAuctionsIndia.com aims to bridge the gap in the process of acquiring non-performing asset properties, ensuring a smooth and hassle-free experience. Ou
  Skipped card (no name/url): <div class="col-lg-4 col-md-4 col-sm-12">
<h6>About Us</h6>
<hr class="deep-purple accent-2 mb-4 mt-0 d-inline-block mx-auto"/>
<p>eAuctionsIndia.com aims to bridge the gap in the process of acquiring non-performing asset properties, ensuring a smooth and hassle-free experience. Our goal is to facil
  Skipped card (no name/url): <div class="layout-bg text-white p-0">
<div class="container">
<div class="row d-flex">
<div class="col-lg-12 col-sm-12 mt-3 mb-3 text-center">
<p>Copyright © 2026 <b>eAuctions India</b>. All rights reserved.</p>
</div>
</div>
</div>
</div>
  Skipped card (no name/url): <div class="container">
<div class="row d-flex">
<div class="col-lg-12 col-sm-12 mt-3 mb-3 text-center">
<p>Copyright © 2026 <b>eAuctions India</b>. All rights reserved.</p>
</div>
</div>
</div>
  Skipped card (no name/url): <div class="row d-flex">
<div class="col-lg-12 col-sm-12 mt-3 mb-3 text-center">
<p>Copyright © 2026 <b>eAuctions India</b>. All rights reserved.</p>
</div>
</div>
  Skipped card (no name/url): <div class="col-lg-12 col-sm-12 mt-3 mb-3 text-center">
<p>Copyright © 2026 <b>eAuctions India</b>. All rights reserved.</p>
</div>
  Extracted 500 properties so far from https://www.eauctionsindia.com/city/thane
Scraping https://www.eauctionsindia.com/city/satara...
  Found 73 candidate card fragments by text-match
  Skipped card (no name/url): <section class="main-footer">
<footer class="layout-bg text-white">
<div class="footer-main">
<div class="container">
<div class="row">
<div class="col-lg-4 col-md-4 col-sm-12">
<h6>About Us</h6>
<hr class="deep-purple accent-2 mb-4 mt-0 d-inline-block mx-auto"/>
<p>eAuctionsIndia.com aims to bridge
  Skipped card (no name/url): <div class="footer-main">
<div class="container">
<div class="row">
<div class="col-lg-4 col-md-4 col-sm-12">
<h6>About Us</h6>
<hr class="deep-purple accent-2 mb-4 mt-0 d-inline-block mx-auto"/>
<p>eAuctionsIndia.com aims to bridge the gap in the process of acquiring non-performing asset properties
  Skipped card (no name/url): <div class="container">
<div class="row">
<div class="col-lg-4 col-md-4 col-sm-12">
<h6>About Us</h6>
<hr class="deep-purple accent-2 mb-4 mt-0 d-inline-block mx-auto"/>
<p>eAuctionsIndia.com aims to bridge the gap in the process of acquiring non-performing asset properties, ensuring a smooth and ha
  Skipped card (no name/url): <div class="row">
<div class="col-lg-4 col-md-4 col-sm-12">
<h6>About Us</h6>
<hr class="deep-purple accent-2 mb-4 mt-0 d-inline-block mx-auto"/>
<p>eAuctionsIndia.com aims to bridge the gap in the process of acquiring non-performing asset properties, ensuring a smooth and hassle-free experience. Ou
  Skipped card (no name/url): <div class="col-lg-4 col-md-4 col-sm-12">
<h6>About Us</h6>
<hr class="deep-purple accent-2 mb-4 mt-0 d-inline-block mx-auto"/>
<p>eAuctionsIndia.com aims to bridge the gap in the process of acquiring non-performing asset properties, ensuring a smooth and hassle-free experience. Our goal is to facil
  Skipped card (no name/url): <div class="layout-bg text-white p-0">
<div class="container">
<div class="row d-flex">
<div class="col-lg-12 col-sm-12 mt-3 mb-3 text-center">
<p>Copyright © 2026 <b>eAuctions India</b>. All rights reserved.</p>
</div>
</div>
</div>
</div>
  Skipped card (no name/url): <div class="container">
<div class="row d-flex">
<div class="col-lg-12 col-sm-12 mt-3 mb-3 text-center">
<p>Copyright © 2026 <b>eAuctions India</b>. All rights reserved.</p>
</div>
</div>
</div>
  Skipped card (no name/url): <div class="row d-flex">
<div class="col-lg-12 col-sm-12 mt-3 mb-3 text-center">
<p>Copyright © 2026 <b>eAuctions India</b>. All rights reserved.</p>
</div>
</div>
  Skipped card (no name/url): <div class="col-lg-12 col-sm-12 mt-3 mb-3 text-center">
<p>Copyright © 2026 <b>eAuctions India</b>. All rights reserved.</p>
</div>
  Extracted 564 properties so far from https://www.eauctionsindia.com/city/satara
Scraping https://www.eauctionsindia.com/city/ratnagiri...
  Found 73 candidate card fragments by text-match
  Skipped card (no name/url): <section class="main-footer">
<footer class="layout-bg text-white">
<div class="footer-main">
<div class="container">
<div class="row">
<div class="col-lg-4 col-md-4 col-sm-12">
<h6>About Us</h6>
<hr class="deep-purple accent-2 mb-4 mt-0 d-inline-block mx-auto"/>
<p>eAuctionsIndia.com aims to bridge
  Skipped card (no name/url): <div class="footer-main">
<div class="container">
<div class="row">
<div class="col-lg-4 col-md-4 col-sm-12">
<h6>About Us</h6>
<hr class="deep-purple accent-2 mb-4 mt-0 d-inline-block mx-auto"/>
<p>eAuctionsIndia.com aims to bridge the gap in the process of acquiring non-performing asset properties
  Skipped card (no name/url): <div class="container">
<div class="row">
<div class="col-lg-4 col-md-4 col-sm-12">
<h6>About Us</h6>
<hr class="deep-purple accent-2 mb-4 mt-0 d-inline-block mx-auto"/>
<p>eAuctionsIndia.com aims to bridge the gap in the process of acquiring non-performing asset properties, ensuring a smooth and ha
  Skipped card (no name/url): <div class="row">
<div class="col-lg-4 col-md-4 col-sm-12">
<h6>About Us</h6>
<hr class="deep-purple accent-2 mb-4 mt-0 d-inline-block mx-auto"/>
<p>eAuctionsIndia.com aims to bridge the gap in the process of acquiring non-performing asset properties, ensuring a smooth and hassle-free experience. Ou
  Skipped card (no name/url): <div class="col-lg-4 col-md-4 col-sm-12">
<h6>About Us</h6>
<hr class="deep-purple accent-2 mb-4 mt-0 d-inline-block mx-auto"/>
<p>eAuctionsIndia.com aims to bridge the gap in the process of acquiring non-performing asset properties, ensuring a smooth and hassle-free experience. Our goal is to facil
  Skipped card (no name/url): <div class="layout-bg text-white p-0">
<div class="container">
<div class="row d-flex">
<div class="col-lg-12 col-sm-12 mt-3 mb-3 text-center">
<p>Copyright © 2026 <b>eAuctions India</b>. All rights reserved.</p>
</div>
</div>
</div>
</div>
  Skipped card (no name/url): <div class="container">
<div class="row d-flex">
<div class="col-lg-12 col-sm-12 mt-3 mb-3 text-center">
<p>Copyright © 2026 <b>eAuctions India</b>. All rights reserved.</p>
</div>
</div>
</div>
  Skipped card (no name/url): <div class="row d-flex">
<div class="col-lg-12 col-sm-12 mt-3 mb-3 text-center">
<p>Copyright © 2026 <b>eAuctions India</b>. All rights reserved.</p>
</div>
</div>
  Skipped card (no name/url): <div class="col-lg-12 col-sm-12 mt-3 mb-3 text-center">
<p>Copyright © 2026 <b>eAuctions India</b>. All rights reserved.</p>
</div>
  Extracted 628 properties so far from https://www.eauctionsindia.com/city/ratnagiri
Scraping https://www.eauctionsindia.com/city/raigad...
  Found 73 candidate card fragments by text-match
  Skipped card (no name/url): <section class="main-footer">
<footer class="layout-bg text-white">
<div class="footer-main">
<div class="container">
<div class="row">
<div class="col-lg-4 col-md-4 col-sm-12">
<h6>About Us</h6>
<hr class="deep-purple accent-2 mb-4 mt-0 d-inline-block mx-auto"/>
<p>eAuctionsIndia.com aims to bridge
  Skipped card (no name/url): <div class="footer-main">
<div class="container">
<div class="row">
<div class="col-lg-4 col-md-4 col-sm-12">
<h6>About Us</h6>
<hr class="deep-purple accent-2 mb-4 mt-0 d-inline-block mx-auto"/>
<p>eAuctionsIndia.com aims to bridge the gap in the process of acquiring non-performing asset properties
  Skipped card (no name/url): <div class="container">
<div class="row">
<div class="col-lg-4 col-md-4 col-sm-12">
<h6>About Us</h6>
<hr class="deep-purple accent-2 mb-4 mt-0 d-inline-block mx-auto"/>
<p>eAuctionsIndia.com aims to bridge the gap in the process of acquiring non-performing asset properties, ensuring a smooth and ha
  Skipped card (no name/url): <div class="row">
<div class="col-lg-4 col-md-4 col-sm-12">
<h6>About Us</h6>
<hr class="deep-purple accent-2 mb-4 mt-0 d-inline-block mx-auto"/>
<p>eAuctionsIndia.com aims to bridge the gap in the process of acquiring non-performing asset properties, ensuring a smooth and hassle-free experience. Ou
  Skipped card (no name/url): <div class="col-lg-4 col-md-4 col-sm-12">
<h6>About Us</h6>
<hr class="deep-purple accent-2 mb-4 mt-0 d-inline-block mx-auto"/>
<p>eAuctionsIndia.com aims to bridge the gap in the process of acquiring non-performing asset properties, ensuring a smooth and hassle-free experience. Our goal is to facil
  Skipped card (no name/url): <div class="layout-bg text-white p-0">
<div class="container">
<div class="row d-flex">
<div class="col-lg-12 col-sm-12 mt-3 mb-3 text-center">
<p>Copyright © 2026 <b>eAuctions India</b>. All rights reserved.</p>
</div>
</div>
</div>
</div>
  Skipped card (no name/url): <div class="container">
<div class="row d-flex">
<div class="col-lg-12 col-sm-12 mt-3 mb-3 text-center">
<p>Copyright © 2026 <b>eAuctions India</b>. All rights reserved.</p>
</div>
</div>
</div>
  Skipped card (no name/url): <div class="row d-flex">
<div class="col-lg-12 col-sm-12 mt-3 mb-3 text-center">
<p>Copyright © 2026 <b>eAuctions India</b>. All rights reserved.</p>
</div>
</div>
  Skipped card (no name/url): <div class="col-lg-12 col-sm-12 mt-3 mb-3 text-center">
<p>Copyright © 2026 <b>eAuctions India</b>. All rights reserved.</p>
</div>
  Extracted 692 properties so far from https://www.eauctionsindia.com/city/raigad
Scraping https://www.eauctionsindia.com/city/pune...
  Found 73 candidate card fragments by text-match
  Skipped card (no name/url): <section class="main-footer">
<footer class="layout-bg text-white">
<div class="footer-main">
<div class="container">
<div class="row">
<div class="col-lg-4 col-md-4 col-sm-12">
<h6>About Us</h6>
<hr class="deep-purple accent-2 mb-4 mt-0 d-inline-block mx-auto"/>
<p>eAuctionsIndia.com aims to bridge
  Skipped card (no name/url): <div class="footer-main">
<div class="container">
<div class="row">
<div class="col-lg-4 col-md-4 col-sm-12">
<h6>About Us</h6>
<hr class="deep-purple accent-2 mb-4 mt-0 d-inline-block mx-auto"/>
<p>eAuctionsIndia.com aims to bridge the gap in the process of acquiring non-performing asset properties
  Skipped card (no name/url): <div class="container">
<div class="row">
<div class="col-lg-4 col-md-4 col-sm-12">
<h6>About Us</h6>
<hr class="deep-purple accent-2 mb-4 mt-0 d-inline-block mx-auto"/>
<p>eAuctionsIndia.com aims to bridge the gap in the process of acquiring non-performing asset properties, ensuring a smooth and ha
  Skipped card (no name/url): <div class="row">
<div class="col-lg-4 col-md-4 col-sm-12">
<h6>About Us</h6>
<hr class="deep-purple accent-2 mb-4 mt-0 d-inline-block mx-auto"/>
<p>eAuctionsIndia.com aims to bridge the gap in the process of acquiring non-performing asset properties, ensuring a smooth and hassle-free experience. Ou
  Skipped card (no name/url): <div class="col-lg-4 col-md-4 col-sm-12">
<h6>About Us</h6>
<hr class="deep-purple accent-2 mb-4 mt-0 d-inline-block mx-auto"/>
<p>eAuctionsIndia.com aims to bridge the gap in the process of acquiring non-performing asset properties, ensuring a smooth and hassle-free experience. Our goal is to facil
  Skipped card (no name/url): <div class="layout-bg text-white p-0">
<div class="container">
<div class="row d-flex">
<div class="col-lg-12 col-sm-12 mt-3 mb-3 text-center">
<p>Copyright © 2026 <b>eAuctions India</b>. All rights reserved.</p>
</div>
</div>
</div>
</div>
  Skipped card (no name/url): <div class="container">
<div class="row d-flex">
<div class="col-lg-12 col-sm-12 mt-3 mb-3 text-center">
<p>Copyright © 2026 <b>eAuctions India</b>. All rights reserved.</p>
</div>
</div>
</div>
  Skipped card (no name/url): <div class="row d-flex">
<div class="col-lg-12 col-sm-12 mt-3 mb-3 text-center">
<p>Copyright © 2026 <b>eAuctions India</b>. All rights reserved.</p>
</div>
</div>
  Skipped card (no name/url): <div class="col-lg-12 col-sm-12 mt-3 mb-3 text-center">
<p>Copyright © 2026 <b>eAuctions India</b>. All rights reserved.</p>
</div>
  Extracted 756 properties so far from https://www.eauctionsindia.com/city/pune
Total eauctionsindia properties fetched: 756
  eauctionsindia: 756 items
Fetching BankAuctions.in...
  bankauctions: unexpected API response
  bankauctions: 0 items
Fetching FindAuction.in (Maharashtra cities)...
  findauction/pune page 1: 16 cards
  findauction/pune page 2: 17 cards
  findauction/pune page 3: 17 cards
  findauction/mumbai page 1: 16 cards
  findauction/mumbai page 2: 17 cards
  findauction/mumbai page 3: 17 cards
  findauction/kolhapur page 1: 15 cards
  findauction/kolhapur page 2: 15 cards
  findauction/kolhapur page 3: 15 cards
  findauction/nashik page 1: 15 cards
  findauction/nashik page 2: 15 cards
  findauction/nashik page 3: 15 cards
  findauction/mumbai+thane page 1: 16 cards
  findauction/mumbai+thane page 2: 17 cards
  findauction/mumbai+thane page 3: 17 cards
  findauction/solapur page 1: 15 cards
  findauction/solapur page 2: 15 cards
  findauction/solapur page 3: 15 cards
  findauction/satara page 1: 15 cards
  findauction/satara page 2: 15 cards
  findauction/satara page 3: 15 cards
  findauction/ratnagiri page 1: 15 cards
  findauction/ratnagiri page 2: 15 cards
  findauction/ratnagiri page 3: 15 cards
  findauction/raigad page 1: 15 cards
  findauction/raigad page 2: 15 cards
  findauction/raigad page 3: 15 cards
  findauction/latur page 1: 15 cards
  findauction/latur page 2: 15 cards
  findauction/latur page 3: 15 cards
  findauction/kalyan page 1: 16 cards
  findauction/kalyan page 2: 16 cards
  findauction/kalyan page 3: 16 cards
  findauction/bhiwandi page 1: 15 cards
  findauction/bhiwandi page 2: 15 cards
  findauction/bhiwandi page 3: 15 cards
  findauction/sindhudurg page 1: 15 cards
  findauction/sindhudurg page 2: 15 cards
  findauction/sindhudurg page 3: 15 cards
  findauction/ahmednagar page 1: 15 cards
  findauction/ahmednagar page 2: 15 cards
  findauction/ahmednagar page 3: 15 cards
  findauction: 648 total listings
  findauction: 648 items
Fetching MHADA eAuction (https://eauction.mhada.gov.in/)...
  mhada/Mumbai: 10 schemes
  mhada/Pune: no tender table found
  mhada/Nashik: 10 schemes
  mhada/Konkan Shops: 10 schemes
  mhada: 30 total listings
  mhada: 30 items
Fetching MSTC / IBAPI (https://www.mstcecommerce.com/auctionhome/ibapi/)...
  mstc/npa: 11 listings
  mstc: 11 items
Combined raw items from all sources: 1445
Processing stats: 1445 total items, 1445 new, -558 duplicates skipped
Wrote copy of results to docs/data/property_listings.json
Saved state with 887 total tracked items to .state/state.json
Applied property-types filter: plots, land, farm hous, bunglow — 272/1445 items remain
Saved 0 pincodes to cache.
NEW_AUCTIONS_COUNT=272
Wrote 1445 items to data/property_listings.json
